Uid                                 Latend_dim  Batch   Epcohs      Loss                    Accuracy                Word Accuracy           Weights
fcda28c85faf11eaa3b5dca9046ef613		128		500		1		0.4712706983524517		0.8746248483657837		0.06135235433032917
936e53d65fb011eabd1bdca9046ef613		128		500		1		0.46865075530797023		0.8944099545478821		0.0
7379f29a5fb211ea9f57dca9046ef613		128		1000		1		0.73662192380217		0.802605390548706		0.0		[1, 1, 1, 2, 1, 2, 1]
f1efe9e05fc111eaae19dca9046ef613		128		1000		100		0.18967261632304247		0.9338441491127014		0.14918057895542963		[1, 1, 1, 2, 1, 2, 1]
709a9efc5fd111eaae19dca9046ef613		128		1000		100		0.24395482047258005		0.9011712074279785		0.11680114523685581		[1, 1, 1, 3, 1, 3, 1]
ebfa0cfe5fe011eaae19dca9046ef613		128		1000		100		0.21820069387073437		0.9300993084907532		0.10662413852024834		[1, 1, 1.5, 2, 1, 2, 1]
ecf8e2a4603c11eaae19dca9046ef613		256		1000		100		0.1646419970534268		0.9497030377388		0.3015898855065386		[1, 1, 1, 2, 1, 2, 1]
1f13049e606111eaae19dca9046ef613		256		1000		100		0.2049756174229233		0.9332547783851624		0.22345598652218862		[1, 1, 1, 3, 1, 3, 1]
